
> esmalteria-jana@0.0.0 build
> vite build

[36mvite v5.4.21 [32mbuilding for production...[36m[39m
transforming...
[32m✓[39m 1826 modules transformed.
rendering chunks...
computing gzip size...
[2mdist/[22m[32mindex.html                 [39m[1m[2m  0.96 kB[22m[1m[22m[2m │ gzip:  0.54 kB[22m
[2mdist/[22m[35massets/index-B4v5FvpM.css  [39m[1m[2m 19.81 kB[22m[1m[22m[2m │ gzip:  4.12 kB[22m
[2mdist/[22m[36massets/index-4VI9dYdX.js   [39m[1m[2m276.81 kB[22m[1m[22m[2m │ gzip: 88.02 kB[22m
[32m✓ built in 14.26s[39m
